// Jest Snapshot v1, https://goo.gl/fbAQLP

exports[`src/index exported 1`] = `
Array [
  "mkDir",
  "readDir",
  "decircular",
  "buildFilesForFolder",
]
`;

exports[`src/index exported 2`] = `
Array [
  "mkDir",
  "readDir",
  "decircular",
  "buildFilesForFolder",
]
`;
